[2026-04-30 21:43:02] [INFO] Server started. Type 'help' for commands.
[2026-04-30 21:43:02] [INFO] Listening on 127.0.0.1:4444
[2026-04-30 21:43:15] [INFO] [+] Connected to server
:37941
[2026-04-30 21:43:15] [CRITICAL] [+] Client connected: ba924fd5 (127.0.0.1:37941)
[2026-04-30 21:45:11] [DEBUG] 
Available commands:
    help                Show this help
    list                List connected clients
    interact <id>       Interact with a client
    exit                Exit server
        
[2026-04-30 21:45:36] [INFO] 
Connected clients:
[2026-04-30 21:45:36] [INFO] ----------------------------------------
[2026-04-30 21:46:23] [INFO] Server started. Type 'help' for commands.
[2026-04-30 21:46:23] [INFO] Listening on 127.0.0.1:4444
[2026-04-30 21:46:27] [DEBUG] 
Available commands:
    help                Show this help
    list                List connected clients
    interact <id>       Interact with a client
    exit                Exit server
        
[2026-04-30 21:46:45] [INFO] Exiting...
[2026-04-30 21:46:51] [INFO] Server started. Type 'help' for commands.
[2026-04-30 21:46:51] [INFO] Listening on 127.0.0.1:4444
[2026-04-30 21:47:34] [INFO] [+] Connected to server
[2026-04-30 21:47:34] [INFO] Connection from 127.0.0.1:41306
[2026-04-30 21:47:34] [CRITICAL] [+] Client connected: 136a19c3 (127.0.0.1:41306)
[2026-04-30 21:47:42] [INFO] 
Connected clients:
[2026-04-30 21:47:42] [INFO] ----------------------------------------
[2026-04-30 21:47:42] [ERROR] [!] Error: [WinError 10054] Une connexion existante a dû être fermée par l’hôte distant
Traceback (most recent call last):
  File "\\wsl.localhost\Ubuntu\home\ubuntu\4A-Securite_Informatique\Security_Python\project\github\Security-Python---RAT\src\server\client_test.py", line 16, in main
    data = client.recv(4096).decode()
           ^^^^^^^^^^^^^^^^^
ConnectionResetError: [WinError 10054] Une connexion existante a dû être fermée par l’hôte distant
[2026-04-30 21:49:32] [INFO] Server started. Type 'help' for commands.
[2026-04-30 21:49:32] [INFO] Listening on 127.0.0.1:4444
[2026-04-30 21:49:45] [INFO] [+] Connected to server
:41322
[2026-04-30 21:49:45] [CRITICAL] [+] Client connected: 109064d9 (127.0.0.1:41322)
[2026-04-30 21:50:16] [INFO] Exiting...
[2026-04-30 21:50:16] [ERROR] [!] Error: [WinError 10054] Une connexion existante a dû être fermée par l’hôte distant
Traceback (most recent call last):
  File "\\wsl.localhost\Ubuntu\home\ubuntu\4A-Securite_Informatique\Security_Python\project\github\Security-Python---RAT\src\server\client_test.py", line 16, in main
    data = client.recv(4096).decode()
           ^^^^^^^^^^^^^^^^^
ConnectionResetError: [WinError 10054] Une connexion existante a dû être fermée par l’hôte distant
